
Map of Debug\di_display.sm8 from link file Debug\di_display.lkf - Mon Nov 14 14:33:53 2022


                               --------
                               Segments
                               --------

start 00008080 end 00008132 length   178 segment .const
start 00008135 end 00009a27 length  6386 segment .text
start 00004000 end 00004000 length     0 segment .eeprom
start 00000000 end 00000000 length     0 segment .bsct
start 00000000 end 0000000d length    13 segment .ubsct
start 0000000d end 0000000d length     0 segment .bit
start 0000000d end 0000000d length     0 segment .share
start 00000100 end 00000100 length     0 segment .data
start 00000100 end 00000100 length     0 segment .bss
start 00000000 end 00004d37 length 19767 segment .debug
start 00008000 end 00008080 length   128 segment .const
start 00008132 end 00008135 length     3 segment .init


                               -------
                               Modules
                               -------

C:\Program Files (x86)\STMicroelectronics\st_toolset\CXSTM8\Lib\crtsi0.sm8:
start 00008135 end 00008180 length    75 section .text
start 00000100 end 00000100 length     0 section .bss
start 00000000 end 00000000 length     0 section .ubsct

Debug\stm8s_adc1.o:
start 00008180 end 00008b8f length  2575 section .text
start 00000000 end 000015f1 length  5617 section .debug
start 00008080 end 000080a8 length    40 section .const

Debug\stm8s_clk.o:
start 00008b8f end 000092a1 length  1810 section .text
start 000015f1 end 00002c60 length  5743 section .debug
start 000080a8 end 000080db length    51 section .const

Debug\stm8s_exti.o:
start 000092a1 end 00009426 length   389 section .text
start 00002c60 end 000030ef length  1167 section .debug
start 000080db end 00008103 length    40 section .const

Debug\stm8s_gpio.o:
start 00009426 end 00009582 length   348 section .text
start 000030ef end 00003af9 length  2570 section .debug
start 00008103 end 0000812b length    40 section .const

Debug\main.o:
start 00009582 end 000098a2 length   800 section .text
start 00000000 end 00000003 length     3 section .ubsct
start 00003af9 end 0000454b length  2642 section .debug
start 0000812b end 00008132 length     7 section .const

Debug\stm8s_it.o:
start 000098a2 end 000098dc length    58 section .text
start 0000454b end 00004c11 length  1734 section .debug

(C:\Program Files (x86)\STMicroelectronics\st_toolset\CXSTM8\Lib\libm0.sm8)lreg.o:
start 00000003 end 00000007 length     4 section .ubsct

(C:\Program Files (x86)\STMicroelectronics\st_toolset\CXSTM8\Lib\libm0.sm8)ltor.o:
start 000098dc end 000098ee length    18 section .text

(C:\Program Files (x86)\STMicroelectronics\st_toolset\CXSTM8\Lib\libm0.sm8)ludiv.o:
start 000098ee end 00009902 length    20 section .text

(C:\Program Files (x86)\STMicroelectronics\st_toolset\CXSTM8\Lib\libm0.sm8)ldiv.o:
start 00009902 end 000099ed length   235 section .text

(C:\Program Files (x86)\STMicroelectronics\st_toolset\CXSTM8\Lib\libm0.sm8)lgneg.o:
start 000099ed end 00009a00 length    19 section .text

(C:\Program Files (x86)\STMicroelectronics\st_toolset\CXSTM8\Lib\libm0.sm8)lneg.o:
start 00009a00 end 00009a15 length    21 section .text

(C:\Program Files (x86)\STMicroelectronics\st_toolset\CXSTM8\Lib\libm0.sm8)rtol.o:
start 00009a15 end 00009a27 length    18 section .text

(C:\Program Files (x86)\STMicroelectronics\st_toolset\CXSTM8\Lib\libm0.sm8)xreg.o:
start 00000007 end 0000000a length     3 section .ubsct

(C:\Program Files (x86)\STMicroelectronics\st_toolset\CXSTM8\Lib\libm0.sm8)yreg.o:
start 0000000a end 0000000d length     3 section .ubsct

Debug\stm8_interrupt_vector.o:
start 00004c11 end 00004d37 length   294 section .debug
start 00008000 end 00008080 length   128 section .const


                             -----------
                             Stack usage
                             -----------

Debug\main.o:
L11_PWM_Config                         22   (2)
L3_CLK_Config                          19   (3)
L5_GPIO_Config                         14   (2)
L7_ADC_Config                          23   (2)
_TIM1_Cmd                               9   (3)
_TIM1_CtrlPWMOutputs                    9   (3)
_TIM1_OC2Init                          20   (14)
_TIM1_SetCompare2                       2   (2)
_TIM1_TimeBaseInit                     14   (8)
_assert_failed                          6   (6)
_main                              >   25   (2)

Debug\stm8s_adc1.o:
_ADC1_AWDChannelConfig             >   10   (4)
_ADC1_ClearFlag                    >   10   (4)
_ADC1_ClearITPendingBit            >   11   (5)
_ADC1_Cmd                               9   (3)
_ADC1_ConversionConfig                 11   (5)
_ADC1_DataBufferCmd                >    9   (3)
_ADC1_DeInit                       >    2   (2)
_ADC1_ExternalTriggerConfig            10   (4)
_ADC1_GetAWDChannelStatus          >   10   (4)
_ADC1_GetBufferValue               >   14   (8)
_ADC1_GetConversionValue                7   (7)
_ADC1_GetFlagStatus                >   10   (4)
_ADC1_GetITStatus                  >   11   (5)
_ADC1_ITConfig                     >   11   (5)
_ADC1_Init                             21   (10)
_ADC1_PrescalerConfig                   9   (3)
_ADC1_ScanModeCmd                  >    9   (3)
_ADC1_SchmittTriggerConfig             10   (4)
_ADC1_SetHighThreshold             >    4   (4)
_ADC1_SetLowThreshold              >    2   (2)
_ADC1_StartConversion                   2   (2)

Debug\stm8s_clk.o:
_CLK_AdjustHSICalibrationValue     >    9   (3)
_CLK_CCOCmd                        >    9   (3)
_CLK_CCOConfig                     >    9   (3)
_CLK_ClearITPendingBit             >    9   (3)
_CLK_ClockSecuritySystemEnable     >    2   (2)
_CLK_ClockSwitchCmd                >    9   (3)
_CLK_ClockSwitchConfig                 16   (10)
_CLK_DeInit                        >    2   (2)
_CLK_FastHaltWakeUpCmd             >    9   (3)
_CLK_GetClockFreq                  >   25   (11)
_CLK_GetFlagStatus                 >   13   (7)
_CLK_GetITStatus                   >   10   (4)
_CLK_GetSYSCLKSource               >    2   (2)
_CLK_HSECmd                        >    9   (3)
_CLK_HSICmd                        >    9   (3)
_CLK_HSIPrescalerConfig                 9   (3)
_CLK_ITConfig                      >   10   (4)
_CLK_LSICmd                        >    9   (3)
_CLK_PeripheralClockConfig             10   (4)
_CLK_SWIMConfig                    >    9   (3)
_CLK_SYSCLKConfig                       9   (3)
_CLK_SYSCLKEmergencyClear          >    2   (2)
_CLK_SlowActiveHaltWakeUpCmd       >    9   (3)

Debug\stm8s_exti.o:
_EXTI_DeInit                       >    2   (2)
_EXTI_GetExtIntSensitivity         >   10   (4)
_EXTI_GetTLISensitivity            >    3   (3)
_EXTI_SetExtIntSensitivity             10   (4)
_EXTI_SetTLISensitivity            >    9   (3)

Debug\stm8s_gpio.o:
_GPIO_DeInit                       >    2   (2)
_GPIO_ExternalPullUpConfig         >   12   (6)
_GPIO_Init                             12   (6)
_GPIO_ReadInputData                >    2   (2)
_GPIO_ReadInputPin                      5   (5)
_GPIO_ReadOutputData               >    2   (2)
_GPIO_Write                        >    5   (5)
_GPIO_WriteHigh                         5   (5)
_GPIO_WriteLow                     >    5   (5)
_GPIO_WriteReverse                 >    5   (5)

Debug\stm8s_it.o:
f_ADC1_IRQHandler                  >    5   (5)
f_AWU_IRQHandler                   >    5   (5)
f_CLK_IRQHandler                   >    5   (5)
f_EEPROM_EEC_IRQHandler            >    5   (5)
f_EXTI_PORTA_IRQHandler            >    5   (5)
f_EXTI_PORTB_IRQHandler            >    5   (5)
f_EXTI_PORTC_IRQHandler            >    5   (5)
f_EXTI_PORTD_IRQHandler            >   16   (11)
f_EXTI_PORTE_IRQHandler            >    5   (5)
f_I2C_IRQHandler                   >    5   (5)
f_NonHandledInterrupt              >    5   (5)
f_SPI_IRQHandler                   >    5   (5)
f_TIM1_CAP_COM_IRQHandler          >    5   (5)
f_TIM1_UPD_OVF_TRG_BRK_IRQHandler  >    5   (5)
f_TIM2_CAP_COM_IRQHandler          >    5   (5)
f_TIM2_UPD_OVF_BRK_IRQHandler      >    5   (5)
f_TIM3_CAP_COM_IRQHandler          >    5   (5)
f_TIM3_UPD_OVF_BRK_IRQHandler      >    5   (5)
f_TIM4_UPD_OVF_IRQHandler          >    5   (5)
f_TLI_IRQHandler                   >    5   (5)
f_TRAP_IRQHandler                  >    5   (5)
f_UART2_RX_IRQHandler              >    5   (5)
f_UART2_TX_IRQHandler              >    5   (5)

Stack size: 41


                              ---------
                              Call tree
                              ---------
   1 > _ADC1_AWDChannelConfig: (4)
   2      + _assert_failed: (6)
       
   3 > _ADC1_ClearFlag: (4)
   4      + _assert_failed --> 2
       
   5 > _ADC1_ClearITPendingBit: (5)
   6      + _assert_failed --> 2
       
   7 > _ADC1_DataBufferCmd: (3)
   8      + _assert_failed --> 2
       
   9 > _ADC1_DeInit: (2)

  10 > _ADC1_GetAWDChannelStatus: (4)
  11      + _assert_failed --> 2
       
  12 > _ADC1_GetBufferValue: (8)
  13      + _assert_failed --> 2
       
  14 > _ADC1_GetFlagStatus: (4)
  15      + _assert_failed --> 2
       
  16 > _ADC1_GetITStatus: (5)
  17      + _assert_failed --> 2
       
  18 > _ADC1_ITConfig: (5)
  19      + _assert_failed --> 2
       
  20 > _ADC1_ScanModeCmd: (3)
  21      + _assert_failed --> 2
       
  22 > _ADC1_SetHighThreshold: (4)

  23 > _ADC1_SetLowThreshold: (2)

  24 > _CLK_AdjustHSICalibrationValue: (3)
  25      + _assert_failed --> 2
       
  26 > _CLK_CCOCmd: (3)
  27      + _assert_failed --> 2
       
  28 > _CLK_CCOConfig: (3)
  29      + _assert_failed --> 2
       
  30 > _CLK_ClearITPendingBit: (3)
  31      + _assert_failed --> 2
       
  32 > _CLK_ClockSecuritySystemEnable: (2)

  33 > _CLK_ClockSwitchCmd: (3)
  34      + _assert_failed --> 2
       
  35 > _CLK_DeInit: (2)

  36 > _CLK_FastHaltWakeUpCmd: (3)
  37      + _assert_failed --> 2
       
  38 > _CLK_GetClockFreq: (11)

  39 > _CLK_GetFlagStatus: (7)
  40      + _assert_failed --> 2
       
  41 > _CLK_GetITStatus: (4)
  42      + _assert_failed --> 2
       
  43 > _CLK_GetSYSCLKSource: (2)

  44 > _CLK_HSECmd: (3)
  45      + _assert_failed --> 2
       
  46 > _CLK_HSICmd: (3)
  47      + _assert_failed --> 2
       
  48 > _CLK_ITConfig: (4)
  49      + _assert_failed --> 2
       
  50 > _CLK_LSICmd: (3)
  51      + _assert_failed --> 2
       
  52 > _CLK_SWIMConfig: (3)
  53      + _assert_failed --> 2
       
  54 > _CLK_SYSCLKEmergencyClear: (2)

  55 > _CLK_SlowActiveHaltWakeUpCmd: (3)
  56      + _assert_failed --> 2
       
  57 > _EXTI_DeInit: (2)

  58 > _EXTI_GetExtIntSensitivity: (4)
  59      + _assert_failed --> 2
       
  60 > _EXTI_GetTLISensitivity: (3)

  61 > _EXTI_SetTLISensitivity: (3)
  62      + _assert_failed --> 2
       
  63 > _GPIO_DeInit: (2)

  64 > _GPIO_ExternalPullUpConfig: (6)
  65      + _assert_failed --> 2
       
  66 > _GPIO_ReadInputData: (2)

  67 > _GPIO_ReadOutputData: (2)

  68 > _GPIO_Write: (5)

  69 > _GPIO_WriteLow: (5)

  70 > _GPIO_WriteReverse: (5)

  71 > __stext: (0)

  72 > _main: (2)
  73      + L11_PWM_Config: (2)
  74      |    + _CLK_PeripheralClockConfig: (4)
  75      |    |    + _assert_failed --> 2
          |    | 
  76      |    + _TIM1_Cmd: (3)
  77      |    |    + _assert_failed --> 2
          |    | 
  78      |    + _TIM1_CtrlPWMOutputs: (3)
  79      |    |    + _assert_failed --> 2
          |    | 
  80      |    + _TIM1_OC2Init: (14)
  81      |    |    + _assert_failed --> 2
          |    | 
  82      |    + _TIM1_TimeBaseInit: (8)
  83      |    |    + _assert_failed --> 2
          |    | 
          | 
  84      + L3_CLK_Config: (3)
  85      |    + _CLK_ClockSwitchConfig: (10)
  86      |    |    + _assert_failed --> 2
          |    | 
  87      |    + _CLK_HSIPrescalerConfig: (3)
  88      |    |    + _assert_failed --> 2
          |    | 
  89      |    + _CLK_SYSCLKConfig: (3)
  90      |    |    + _assert_failed --> 2
          |    | 
          | 
  91      + L5_GPIO_Config: (2)
  92      |    + _EXTI_SetExtIntSensitivity: (4)
  93      |    |    + _assert_failed --> 2
          |    | 
  94      |    + _GPIO_Init: (6)
  95      |    |    + _assert_failed --> 2
          |    | 
          | 
  96      + L7_ADC_Config: (2)
  97      |    + _ADC1_Cmd: (3)
  98      |    |    + _assert_failed --> 2
          |    | 
  99      |    + _ADC1_Init: (10)
 100      |    |    + _ADC1_ConversionConfig: (5)
 101      |    |    |    + _assert_failed --> 2
          |    |    | 
 102      |    |    + _ADC1_ExternalTriggerConfig: (4)
 103      |    |    |    + _assert_failed --> 2
          |    |    | 
 104      |    |    + _ADC1_PrescalerConfig: (3)
 105      |    |    |    + _assert_failed --> 2
          |    |    | 
 106      |    |    + _ADC1_SchmittTriggerConfig: (4)
 107      |    |    |    + _assert_failed --> 2
          |    |    | 
 108      |    |    + _assert_failed --> 2
          |    | 
 109      |    + _CLK_PeripheralClockConfig --> 74
          | 
 110      + _ADC1_GetConversionValue: (7)
 111      + _ADC1_StartConversion: (2)
 112      + _GPIO_WriteHigh: (5)
 113      + _TIM1_SetCompare2: (2)
       
 114 > f_ADC1_IRQHandler: (5)

 115 > f_AWU_IRQHandler: (5)

 116 > f_CLK_IRQHandler: (5)

 117 > f_EEPROM_EEC_IRQHandler: (5)

 118 > f_EXTI_PORTA_IRQHandler: (5)

 119 > f_EXTI_PORTB_IRQHandler: (5)

 120 > f_EXTI_PORTC_IRQHandler: (5)

 121 > f_EXTI_PORTD_IRQHandler: (11)
 122      + _GPIO_ReadInputPin: (5)
       
 123 > f_EXTI_PORTE_IRQHandler: (5)

 124 > f_I2C_IRQHandler: (5)

 125 > f_NonHandledInterrupt: (5)

 126 > f_SPI_IRQHandler: (5)

 127 > f_TIM1_CAP_COM_IRQHandler: (5)

 128 > f_TIM1_UPD_OVF_TRG_BRK_IRQHandler: (5)

 129 > f_TIM2_CAP_COM_IRQHandler: (5)

 130 > f_TIM2_UPD_OVF_BRK_IRQHandler: (5)

 131 > f_TIM3_CAP_COM_IRQHandler: (5)

 132 > f_TIM3_UPD_OVF_BRK_IRQHandler: (5)

 133 > f_TIM4_UPD_OVF_IRQHandler: (5)

 134 > f_TLI_IRQHandler: (5)

 135 > f_TRAP_IRQHandler: (5)

 136 > f_UART2_RX_IRQHandler: (5)

 137 > f_UART2_TX_IRQHandler: (5)

 138   L11_PWM_Config --> 73

 139   L3_CLK_Config --> 84

 140   L5_GPIO_Config --> 91

 141   L7_ADC_Config --> 96

 142   _ADC1_Cmd --> 97

 143   _ADC1_ConversionConfig --> 100

 144   _ADC1_ExternalTriggerConfig --> 102

 145   _ADC1_GetConversionValue --> 110

 146   _ADC1_Init --> 99

 147   _ADC1_PrescalerConfig --> 104

 148   _ADC1_SchmittTriggerConfig --> 106

 149   _ADC1_StartConversion --> 111

 150   _CLK_ClockSwitchConfig --> 85

 151   _CLK_HSIPrescalerConfig --> 87

 152   _CLK_PeripheralClockConfig --> 74

 153   _CLK_SYSCLKConfig --> 89

 154   _EXTI_SetExtIntSensitivity --> 92

 155   _GPIO_Init --> 94

 156   _GPIO_ReadInputPin --> 122

 157   _GPIO_WriteHigh --> 112

 158   _TIM1_Cmd --> 76

 159   _TIM1_CtrlPWMOutputs --> 78

 160   _TIM1_OC2Init --> 80

 161   _TIM1_SetCompare2 --> 113

 162   _TIM1_TimeBaseInit --> 82

 163   _assert_failed --> 2



                               -------
                               Symbols
                               -------

_ADC1_AWDChannelConfig              000086d4   defined in Debug\stm8s_adc1.o section .text
_ADC1_ClearFlag                     00008977   defined in Debug\stm8s_adc1.o section .text
_ADC1_ClearITPendingBit             00008ae3   defined in Debug\stm8s_adc1.o section .text
_ADC1_Cmd                           00008359   defined in Debug\stm8s_adc1.o section .text
                                               used in Debug\main.o
_ADC1_ConversionConfig              0000856d   defined in Debug\stm8s_adc1.o section .text
_ADC1_DataBufferCmd                 000083af   defined in Debug\stm8s_adc1.o section .text
_ADC1_DeInit                        00008180   defined in Debug\stm8s_adc1.o section .text
_ADC1_ExternalTriggerConfig         00008628   defined in Debug\stm8s_adc1.o section .text
_ADC1_GetAWDChannelStatus           00008840   defined in Debug\stm8s_adc1.o section .text
_ADC1_GetBufferValue                000087c5   defined in Debug\stm8s_adc1.o section .text
_ADC1_GetConversionValue            00008687   defined in Debug\stm8s_adc1.o section .text
                                               used in Debug\main.o
_ADC1_GetFlagStatus                 000088b4   defined in Debug\stm8s_adc1.o section .text
_ADC1_GetITStatus                   00008a1d   defined in Debug\stm8s_adc1.o section .text
_ADC1_ITConfig                      000083da   defined in Debug\stm8s_adc1.o section .text
_ADC1_Init                          000081b1   defined in Debug\stm8s_adc1.o section .text
                                               used in Debug\main.o
_ADC1_PrescalerConfig               0000842e   defined in Debug\stm8s_adc1.o section .text
_ADC1_ScanModeCmd                   00008384   defined in Debug\stm8s_adc1.o section .text
_ADC1_SchmittTriggerConfig          00008473   defined in Debug\stm8s_adc1.o section .text
_ADC1_SetHighThreshold              000087ac   defined in Debug\stm8s_adc1.o section .text
_ADC1_SetLowThreshold               000087ba   defined in Debug\stm8s_adc1.o section .text
_ADC1_StartConversion               00008682   defined in Debug\stm8s_adc1.o section .text
                                               used in Debug\main.o
_CLKPrescTable                      000080ac   defined in Debug\stm8s_clk.o section .const
_CLK_AdjustHSICalibrationValue      00009127   defined in Debug\stm8s_clk.o section .text
_CLK_CCOCmd                         00008c73   defined in Debug\stm8s_clk.o section .text
_CLK_CCOConfig                      00008f2c   defined in Debug\stm8s_clk.o section .text
_CLK_ClearITPendingBit              00009273   defined in Debug\stm8s_clk.o section .text
_CLK_ClockSecuritySystemEnable      00009099   defined in Debug\stm8s_clk.o section .text
_CLK_ClockSwitchCmd                 00008c9e   defined in Debug\stm8s_clk.o section .text
_CLK_ClockSwitchConfig              00008de2   defined in Debug\stm8s_clk.o section .text
                                               used in Debug\main.o
_CLK_DeInit                         00008b8f   defined in Debug\stm8s_clk.o section .text
_CLK_FastHaltWakeUpCmd              00008bc7   defined in Debug\stm8s_clk.o section .text
_CLK_GetClockFreq                   000090a2   defined in Debug\stm8s_clk.o section .text
_CLK_GetFlagStatus                  0000916b   defined in Debug\stm8s_clk.o section .text
_CLK_GetITStatus                    00009226   defined in Debug\stm8s_clk.o section .text
_CLK_GetSYSCLKSource                0000909e   defined in Debug\stm8s_clk.o section .text
_CLK_HSECmd                         00008bf2   defined in Debug\stm8s_clk.o section .text
_CLK_HSICmd                         00008c1d   defined in Debug\stm8s_clk.o section .text
_CLK_HSIPrescalerConfig             00008ef7   defined in Debug\stm8s_clk.o section .text
                                               used in Debug\main.o
_CLK_ITConfig                       00008f89   defined in Debug\stm8s_clk.o section .text
_CLK_LSICmd                         00008c48   defined in Debug\stm8s_clk.o section .text
_CLK_PeripheralClockConfig          00008cf4   defined in Debug\stm8s_clk.o section .text
                                               used in Debug\main.o
_CLK_SWIMConfig                     0000906e   defined in Debug\stm8s_clk.o section .text
_CLK_SYSCLKConfig                   00008ffd   defined in Debug\stm8s_clk.o section .text
                                               used in Debug\main.o
_CLK_SYSCLKEmergencyClear           00009166   defined in Debug\stm8s_clk.o section .text
_CLK_SlowActiveHaltWakeUpCmd        00008cc9   defined in Debug\stm8s_clk.o section .text
_EXTI_DeInit                        000092a1   defined in Debug\stm8s_exti.o section .text
_EXTI_GetExtIntSensitivity          000093a1   defined in Debug\stm8s_exti.o section .text
_EXTI_GetTLISensitivity             00009417   defined in Debug\stm8s_exti.o section .text
_EXTI_SetExtIntSensitivity          000092aa   defined in Debug\stm8s_exti.o section .text
                                               used in Debug\main.o
_EXTI_SetTLISensitivity             00009378   defined in Debug\stm8s_exti.o section .text
_GPIO_DeInit                        00009426   defined in Debug\stm8s_gpio.o section .text
_GPIO_ExternalPullUpConfig          00009534   defined in Debug\stm8s_gpio.o section .text
_GPIO_Init                          0000942e   defined in Debug\stm8s_gpio.o section .text
                                               used in Debug\main.o
_GPIO_ReadInputData                 0000952a   defined in Debug\stm8s_gpio.o section .text
_GPIO_ReadInputPin                  0000952d   defined in Debug\stm8s_gpio.o section .text
                                               used in Debug\stm8s_it.o
_GPIO_ReadOutputData                00009528   defined in Debug\stm8s_gpio.o section .text
_GPIO_Write                         0000950a   defined in Debug\stm8s_gpio.o section .text
_GPIO_WriteHigh                     00009512   defined in Debug\stm8s_gpio.o section .text
                                               used in Debug\main.o
_GPIO_WriteLow                      00009519   defined in Debug\stm8s_gpio.o section .text
_GPIO_WriteReverse                  00009521   defined in Debug\stm8s_gpio.o section .text
_HSIDivFactor                       000080a8   defined in Debug\stm8s_clk.o section .const
_TIM1_Cmd                           00009843   defined in Debug\main.o section .text
_TIM1_CtrlPWMOutputs                0000986e   defined in Debug\main.o section .text
_TIM1_OC2Init                       00009707   defined in Debug\main.o section .text
_TIM1_SetCompare2                   00009899   defined in Debug\main.o section .text
_TIM1_TimeBaseInit                  000096b3   defined in Debug\main.o section .text
__endmem                            000005ff   defined in command file
                                               *** not used ***
__endzp                             0000000d   defined in command file section .ubsct
                                               used in C:\Program Files (x86)\STMicroelectronics\st_toolset\CXSTM8\Lib\crtsi0.sm8
__idesc__                           00008132   defined in linker section .init
                                               used in C:\Program Files (x86)\STMicroelectronics\st_toolset\CXSTM8\Lib\crtsi0.sm8
__memory                            00000100   defined in command file section .bss
                                               used in C:\Program Files (x86)\STMicroelectronics\st_toolset\CXSTM8\Lib\crtsi0.sm8
__stack                             000007ff   defined in command file
                                               used in C:\Program Files (x86)\STMicroelectronics\st_toolset\CXSTM8\Lib\crtsi0.sm8
__startmem                          00000100   defined in command file section .bss
                                               *** not used ***
__stext                             00008135   defined in C:\Program Files (x86)\STMicroelectronics\st_toolset\CXSTM8\Lib\crtsi0.sm8 section .text
                                               used in Debug\stm8_interrupt_vector.o
__vectab                            00008000   defined in Debug\stm8_interrupt_vector.o section .const
_assert_failed                      000096b1   defined in Debug\main.o section .text
                                               used in Debug\stm8s_adc1.o
                                                       Debug\stm8s_clk.o
                                                       Debug\stm8s_exti.o
                                                       Debug\stm8s_gpio.o
_exit                               0000817e   defined in C:\Program Files (x86)\STMicroelectronics\st_toolset\CXSTM8\Lib\crtsi0.sm8 section .text
_main                               00009582   defined in Debug\main.o section .text
                                               used in C:\Program Files (x86)\STMicroelectronics\st_toolset\CXSTM8\Lib\crtsi0.sm8
c_divsl                             00009902   defined in (C:\Program Files (x86)\STMicroelectronics\st_toolset\CXSTM8\Lib\libm0.sm8)ldiv.o section .text
                                               *** not used ***
c_divul                             00009919   defined in (C:\Program Files (x86)\STMicroelectronics\st_toolset\CXSTM8\Lib\libm0.sm8)ldiv.o section .text
                                               used in (C:\Program Files (x86)\STMicroelectronics\st_toolset\CXSTM8\Lib\libm0.sm8)ludiv.o
c_lgneg                             000099ed   defined in (C:\Program Files (x86)\STMicroelectronics\st_toolset\CXSTM8\Lib\libm0.sm8)lgneg.o section .text
                                               used in (C:\Program Files (x86)\STMicroelectronics\st_toolset\CXSTM8\Lib\libm0.sm8)ldiv.o
c_lneg                              00009a00   defined in (C:\Program Files (x86)\STMicroelectronics\st_toolset\CXSTM8\Lib\libm0.sm8)lneg.o section .text
                                               used in (C:\Program Files (x86)\STMicroelectronics\st_toolset\CXSTM8\Lib\libm0.sm8)ldiv.o
c_lreg                              00000003   defined in (C:\Program Files (x86)\STMicroelectronics\st_toolset\CXSTM8\Lib\libm0.sm8)lreg.o section .ubsct
                                               used in Debug\stm8s_clk.o
                                                       (C:\Program Files (x86)\STMicroelectronics\st_toolset\CXSTM8\Lib\libm0.sm8)ltor.o
                                                       (C:\Program Files (x86)\STMicroelectronics\st_toolset\CXSTM8\Lib\libm0.sm8)ldiv.o
                                                       (C:\Program Files (x86)\STMicroelectronics\st_toolset\CXSTM8\Lib\libm0.sm8)lneg.o
                                                       (C:\Program Files (x86)\STMicroelectronics\st_toolset\CXSTM8\Lib\libm0.sm8)rtol.o
c_ltor                              000098dc   defined in (C:\Program Files (x86)\STMicroelectronics\st_toolset\CXSTM8\Lib\libm0.sm8)ltor.o section .text
                                               used in Debug\stm8s_clk.o
c_ludv                              000098ee   defined in (C:\Program Files (x86)\STMicroelectronics\st_toolset\CXSTM8\Lib\libm0.sm8)ludiv.o section .text
                                               used in Debug\stm8s_clk.o
c_rtol                              00009a15   defined in (C:\Program Files (x86)\STMicroelectronics\st_toolset\CXSTM8\Lib\libm0.sm8)rtol.o section .text
                                               used in Debug\stm8s_clk.o
c_x                                 00000007   defined in (C:\Program Files (x86)\STMicroelectronics\st_toolset\CXSTM8\Lib\libm0.sm8)xreg.o section .ubsct
                                               used in C:\Program Files (x86)\STMicroelectronics\st_toolset\CXSTM8\Lib\crtsi0.sm8
                                                       Debug\stm8s_it.o
                                                       (C:\Program Files (x86)\STMicroelectronics\st_toolset\CXSTM8\Lib\libm0.sm8)ldiv.o
c_y                                 0000000a   defined in (C:\Program Files (x86)\STMicroelectronics\st_toolset\CXSTM8\Lib\libm0.sm8)yreg.o section .ubsct
                                               used in C:\Program Files (x86)\STMicroelectronics\st_toolset\CXSTM8\Lib\crtsi0.sm8
                                                       Debug\stm8s_it.o
f_ADC1_IRQHandler                   000098d9   defined in Debug\stm8s_it.o section .text
                                               used in Debug\stm8_interrupt_vector.o
f_AWU_IRQHandler                    000098a5   defined in Debug\stm8s_it.o section .text
                                               used in Debug\stm8_interrupt_vector.o
f_CLK_IRQHandler                    000098a6   defined in Debug\stm8s_it.o section .text
                                               used in Debug\stm8_interrupt_vector.o
f_EEPROM_EEC_IRQHandler             000098db   defined in Debug\stm8s_it.o section .text
                                               used in Debug\stm8_interrupt_vector.o
f_EXTI_PORTA_IRQHandler             000098a7   defined in Debug\stm8s_it.o section .text
                                               used in Debug\stm8_interrupt_vector.o
f_EXTI_PORTB_IRQHandler             000098a8   defined in Debug\stm8s_it.o section .text
                                               used in Debug\stm8_interrupt_vector.o
f_EXTI_PORTC_IRQHandler             000098a9   defined in Debug\stm8s_it.o section .text
                                               used in Debug\stm8_interrupt_vector.o
f_EXTI_PORTD_IRQHandler             000098aa   defined in Debug\stm8s_it.o section .text
                                               used in Debug\stm8_interrupt_vector.o
f_EXTI_PORTE_IRQHandler             000098ce   defined in Debug\stm8s_it.o section .text
                                               used in Debug\stm8_interrupt_vector.o
f_I2C_IRQHandler                    000098d6   defined in Debug\stm8s_it.o section .text
                                               used in Debug\stm8_interrupt_vector.o
f_NonHandledInterrupt               000098a2   defined in Debug\stm8s_it.o section .text
                                               used in Debug\stm8_interrupt_vector.o
f_SPI_IRQHandler                    000098cf   defined in Debug\stm8s_it.o section .text
                                               used in Debug\stm8_interrupt_vector.o
f_TIM1_CAP_COM_IRQHandler           000098d1   defined in Debug\stm8s_it.o section .text
                                               used in Debug\stm8_interrupt_vector.o
f_TIM1_UPD_OVF_TRG_BRK_IRQHandler   000098d0   defined in Debug\stm8s_it.o section .text
                                               used in Debug\stm8_interrupt_vector.o
f_TIM2_CAP_COM_IRQHandler           000098d3   defined in Debug\stm8s_it.o section .text
                                               used in Debug\stm8_interrupt_vector.o
f_TIM2_UPD_OVF_BRK_IRQHandler       000098d2   defined in Debug\stm8s_it.o section .text
                                               used in Debug\stm8_interrupt_vector.o
f_TIM3_CAP_COM_IRQHandler           000098d5   defined in Debug\stm8s_it.o section .text
                                               used in Debug\stm8_interrupt_vector.o
f_TIM3_UPD_OVF_BRK_IRQHandler       000098d4   defined in Debug\stm8s_it.o section .text
                                               used in Debug\stm8_interrupt_vector.o
f_TIM4_UPD_OVF_IRQHandler           000098da   defined in Debug\stm8s_it.o section .text
                                               used in Debug\stm8_interrupt_vector.o
f_TLI_IRQHandler                    000098a4   defined in Debug\stm8s_it.o section .text
                                               used in Debug\stm8_interrupt_vector.o
f_TRAP_IRQHandler                   000098a3   defined in Debug\stm8s_it.o section .text
                                               used in Debug\stm8_interrupt_vector.o
f_UART2_RX_IRQHandler               000098d8   defined in Debug\stm8s_it.o section .text
                                               used in Debug\stm8_interrupt_vector.o
f_UART2_TX_IRQHandler               000098d7   defined in Debug\stm8s_it.o section .text
                                               used in Debug\stm8_interrupt_vector.o
